This is pdfTeX, Version 3.141592653-2.6-1.40.22 (TeX Live 2021) (preloaded format=pdflatex 2022.1.15)  16 JUL 2026 11:16
entering extended mode
 restricted \write18 enabled.
 %&-line parsing enabled.
**colm2026_submission.tex
(./colm2026_submission.tex
LaTeX2e <2020-10-01> patch level 4
L3 programming layer <2021-02-18>
(/usr/local/texlive/2021basic/texmf-dist/tex/latex/base/article.cls
Document Class: article 2020/04/10 v1.4m Standard LaTeX document class
(/usr/local/texlive/2021basic/texmf-dist/tex/latex/base/size10.clo
File: size10.clo 2020/04/10 v1.4m Standard LaTeX file (size option)
)
\c@part=\count179
\c@section=\count180
\c@subsection=\count181
\c@subsubsection=\count182
\c@paragraph=\count183
\c@subparagraph=\count184
\c@figure=\count185
\c@table=\count186
\abovecaptionskip=\skip47
\belowcaptionskip=\skip48
\bibindent=\dimen138
)
(./colm2026_conference.sty

! LaTeX Error: File `tgpagella.sty' not found.

Type X to quit or <RETURN> to proceed,
or enter new name. (Default extension: sty)

Enter file name: 
! Emergency stop.
<read *> 
         
l.33 \RequirePackage
                    {mathpazo}  % math & text^^M
*** (cannot \read from terminal in nonstop modes)

 
Here is how much of TeX's memory you used:
 237 strings out of 480445
 2952 string characters out of 5892391
 282496 words of memory out of 5000000
 17600 multiletter control sequences out of 15000+600000
 403430 words of font info for 27 fonts, out of 8000000 for 9000
 319 hyphenation exceptions out of 8191
 47i,0n,53p,182b,36s stack positions out of 5000i,500n,10000p,200000b,80000s
!  ==> Fatal error occurred, no output PDF file produced!
